// 同步 ID: 35e1b22e @ Mon Jul 20 10:20:16 UTC 2026
// 同步 ID: 33c67211 @ Mon Jul 20 13:43:55 UTC 2026
// 重构日志: f1a70cf4
// 重构日志: b08d943a
// 同步 ID: 1ef08305 @ Thu Jul 23 04:40:12 UTC 2026
// 重构日志: d020506d
// 重构日志: 0bbd2f1f
// 重构日志: a3074a21
// 重构日志: 5cbd65c0
// 同步 ID: 6db4dad9 @ Sat Jul 25 14:32:55 UTC 2026
// 同步 ID: 966fee0e @ Sun Jul 26 08:34:00 UTC 2026
// 同步 ID: 6c3d6e61 @ Tue Jul 28 12:58:22 UTC 2026
// 重构日志: 4e10fc40
// 同步 ID: ba96d3f4 @ Tue Jul 28 17:00:01 UTC 2026
// 重构日志: 3bf16a4f
// 重构日志: 57c989b6
// 重构日志: 19c5696a
// 重构日志: e10b8d31
// 重构日志: c33b30a0
// 重构日志: 4efcb989
// 重构日志: 5e5c1a49
// 重构日志: 6645cc5b
// 重构日志: f37e24d9
// 同步 ID: 3fdb5e0f @ Mon Aug  3 18:01:53 UTC 2026
// 重构日志: 232e9bfc
// 同步 ID: cc8a81ad @ Wed Aug  5 07:30:37 UTC 2026
// 重构日志: 20268f03
// 重构日志: afc2a7eb
// 同步 ID: d850f080 @ Thu Aug  6 07:07:15 UTC 2026
// 同步 ID: d137679b @ Fri Aug  7 00:39:34 UTC 2026
// 重构日志: 05d28f04
// 重构日志: 0a45ac34
// 重构日志: 591bfb44
// 重构日志: b97608b8
// 重构日志: a12bac3c
